MIF/HEX Update report for j1-zx
Sun Aug 22 18:56:06 2021
Quartus Prime Version 15.1.0 Build 185 10/21/2015 SJ Standard Edition


---------------------
; Table of Contents ;
---------------------
  1. Legal Notice
  2. MIF/HEX Update Summary
  3. MIF/HEX Update Processed Files
  4. MIF/HEX Update Messages



----------------
; Legal Notice ;
----------------
Copyright (C) 1991-2015 Altera Corporation. All rights reserved.
Your use of Altera Corporation's design tools, logic functions 
and other software and tools, and its AMPP partner logic 
functions, and any output files from any of the foregoing 
(including device programming or simulation files), and any 
associated documentation or information are expressly subject 
to the terms and conditions of the Altera Program License 
Subscription Agreement, the Altera Quartus Prime License Agreement,
the Altera MegaCore Function License Agreement, or other 
applicable license agreement, including, without limitation, 
that your use is for the sole purpose of programming logic 
devices manufactured by Altera and sold by Altera or its 
authorized distributors.  Please refer to the applicable 
agreement for further details.



+---------------------------------------------------------------+
; MIF/HEX Update Summary                                        ;
+-----------------------+---------------------------------------+
; MIF/HEX Update Status ; Successful - Sun Aug 22 18:56:06 2021 ;
; Revision Name         ; j1-zx                                 ;
; Top-level Entity Name ; top                                   ;
; Family                ; Cyclone IV E                          ;
; Device                ; EP4CE10F17C8                          ;
+-----------------------+---------------------------------------+


+--------------------------------------------------------------------+
; MIF/HEX Update Processed Files                                     ;
+--------------------------------------------------------------------+
; File Name                                                          ;
+--------------------------------------------------------------------+
; C:/Progs/Quartus/forth/j1eforth-samawati/fpga/firmware/j1.mif      ;
; C:/Progs/Quartus/forth/j1eforth-samawati/fpga/firmware/picture.mif ;
+--------------------------------------------------------------------+


+-------------------------+
; MIF/HEX Update Messages ;
+-------------------------+
Info: *******************************************************************
Info: Running Quartus Prime MIF/HEX Update
    Info: Version 15.1.0 Build 185 10/21/2015 SJ Standard Edition
    Info: Processing started: Sun Aug 22 18:56:05 2021
Info: Command: quartus_cdb j1-zx -c j1-zx --update_mif
Critical Warning (127005): Memory depth (4096) in the design file differs from memory depth (3478) in the Memory Initialization File "C:/Progs/Quartus/forth/j1eforth-samawati/fpga/firmware/j1.mif" -- setting initial value for remaining addresses to 0
Critical Warning (127005): Memory depth (8192) in the design file differs from memory depth (6912) in the Memory Initialization File "C:/Progs/Quartus/forth/j1eforth-samawati/fpga/firmware/picture.mif" -- setting initial value for remaining addresses to 0
Info (39024): Processed the following Memory Initialization File(s)
    Info (39025): Processed Memory Initialization File C:/Progs/Quartus/forth/j1eforth-samawati/fpga/firmware/j1.mif File: C:/Progs/Quartus/forth/j1eforth-samawati/fpga/firmware/j1.mif Line: 0
    Info (39025): Processed Memory Initialization File C:/Progs/Quartus/forth/j1eforth-samawati/fpga/firmware/picture.mif File: C:/Progs/Quartus/forth/j1eforth-samawati/fpga/firmware/picture.mif Line: 0
Info: Quartus Prime MIF/HEX Update was successful. 0 errors, 2 warnings
    Info: Peak virtual memory: 4912 megabytes
    Info: Processing ended: Sun Aug 22 18:56:06 2021
    Info: Elapsed time: 00:00:01
    Info: Total CPU time (on all processors): 00:00:01


